// Jest Snapshot v1, https://goo.gl/fbAQLP

exports[`Sort Component Initial render 1`] = `
<div>
  <article>
    <button
      aria-expanded="false"
      aria-haspopup="menu"
      class="inline-flex items-center justify-center whitespace-nowrap rounded-md font-medium ring-offset-background transition-colors focus-visible:outline-none focus-visible:ring-ring disabled:pointer-events-none disabled:opacity-50 border-input bg-background hover:bg-accent hover:text-accent-foreground h-10 border-0 text-xs ring-0 px-3 py-2 focus-visible:ring-0 focus-visible:ring-offset-0"
      data-state="closed"
      id="radix-:r0:"
      type="button"
    >
      Sort
      <span
        class="ml-1"
      >
        <span />
      </span>
    </button>
  </article>
</div>
`;
