// Jest Snapshot v1, https://goo.gl/fbAQLP

exports[`post form rendering 1`] = `
<div>
  <form>
    <section
      class="flex flex-col gap-2 mt-2"
    >
      <div
        class="space-y-2 relative"
      >
        <textarea
          aria-describedby=":r0:-form-item-description"
          aria-invalid="false"
          class="flex min-h-[80px] w-full rounded-md border border-input bg-background px-3 py-2 ring-offset-background placeholder:text-muted-foreground focus-visible:outline-none focus-visible:ring-2 focus-visible:ring-ring focus-visible:ring-offset-2 disabled:cursor-not-allowed disabled:opacity-50 text-base"
          id=":r0:-form-item"
          maxlength="300"
          name="title"
          placeholder="Title"
        />
        <div
          class="text-right text-sm text-gray-500"
        >
          /
          300
        </div>
      </div>
      <div
        class="relative w-full aspect-video rounded-2xl border-2 border-dotted border-slate-600  hover:cursor-pointer h-40 dot"
      >
        <label
          class="text-sm font-medium leading-none peer-disabled:cursor-not-allowed peer-disabled:opacity-70 absolute inset-0 flex gap-4 items-center justify-center"
          for="inputImage"
        >
          <span />
          <span
            class="text-lg"
          >
            Add Photo
          </span>
        </label>
        <input
          accept="image/*"
          class="h-10 w-full rounded-md border border-input bg-background px-3 py-2 text-sm ring-offset-background file:border-0 file:bg-transparent file:text-sm file:font-medium placeholder:text-muted-foreground focus-visible:outline-none focus-visible:ring-2 focus-visible:ring-ring focus-visible:ring-offset-2 disabled:cursor-not-allowed disabled:opacity-50 file-selector-button-none hidden"
          hidden=""
          id="inputImage"
          multiple=""
          type="file"
        />
      </div>
      <div
        class="flex gap-5 justify-end"
      >
        <button
          class="inline-flex items-center justify-center whitespace-nowrap text-sm font-medium ring-offset-background transition-colors focus-visible:outline-none focus-visible:ring-2 focus-visible:ring-ring focus-visible:ring-offset-2 disabled:pointer-events-none disabled:opacity-50 text-primary-foreground hover:bg-primary/90 h-10 px-4 py-2 rounded-full bg-blue-800"
          type="button"
        >
          Save draft
        </button>
        <button
          class="inline-flex items-center justify-center whitespace-nowrap text-sm font-medium ring-offset-background transition-colors focus-visible:outline-none focus-visible:ring-2 focus-visible:ring-ring focus-visible:ring-offset-2 disabled:pointer-events-none disabled:opacity-50 text-primary-foreground hover:bg-primary/90 h-10 px-4 py-2 rounded-full bg-blue-800"
          type="submit"
        >
          Post
        </button>
      </div>
    </section>
  </form>
</div>
`;
